Vivado Simulator v2025.2
Copyright 1986-2022 Xilinx, Inc. All Rights Reserved.
Copyright 2022-2025 Advanced Micro Devices, Inc. All Rights Reserved.
Running: F:/DOWNLOADS_OF_SSD/2025.2/Vivado/bin/unwrapped/win64.o/xelab.exe --incr --debug typical --relax --mt 2 -L xil_defaultlib -L unisims_ver -L unimacro_ver -L secureip --snapshot uart_tb_behav xil_defaultlib.uart_tb xil_defaultlib.glbl -log elaborate.log 
Using 2 slave threads.
Starting static elaboration
Pass Through NonSizing Optimizer
Completed static elaboration
Starting simulation data flow analysis
WARNING: [XSIM 43-4099] "F:/VLSI/UART/UART/src/uart_top.v" Line 1. Module uart_top doesn't have a timescale but at least one module in design has a timescale.
WARNING: [XSIM 43-4099] "F:/VLSI/UART/UART/src/baud_gen.v" Line 1. Module baud_gen doesn't have a timescale but at least one module in design has a timescale.
WARNING: [XSIM 43-4099] "F:/VLSI/UART/UART/src/uart_tx.v" Line 1. Module uart_tx doesn't have a timescale but at least one module in design has a timescale.
WARNING: [XSIM 43-4099] "F:/VLSI/UART/UART/src/uart_rx.v" Line 1. Module uart_rx doesn't have a timescale but at least one module in design has a timescale.
Completed simulation data flow analysis
Time Resolution for simulation is 1ps
Compiling module xil_defaultlib.baud_gen
Compiling module xil_defaultlib.uart_tx
Compiling module xil_defaultlib.uart_rx
Compiling module xil_defaultlib.uart_top
Compiling module xil_defaultlib.uart_tb
Compiling module xil_defaultlib.glbl
Built simulation snapshot uart_tb_behav
